src/application/process-message.usecase.ts(9,19): error TS6133: 'AckLevel' is declared but its value is never read.
src/application/process-message.usecase.ts(21,28): error TS6133: 'ValidationError' is declared but its value is never read.
src/application/process-message.usecase.ts(209,20): error TS2339: Property 'data' does not exist on type 'Result<Contact>'.
  Property 'data' does not exist on type '{ success: false; error: DomainError; }'.
src/application/process-message.usecase.ts(217,9): error TS6133: 'message' is declared but its value is never read.
src/application/process-message.usecase.ts(231,37): error TS2339: Property 'recordInteraction' does not exist on type 'BehaviorProfile'.
src/application/process-message.usecase.ts(240,9): error TS6133: 'contact' is declared but its value is never read.
src/core/bootstrap.ts(10,33): error TS6133: 'getConfig' is declared but its value is never read.
src/core/event-bus.ts(429,15): error TS6133: 'originalMethod' is declared but its value is never read.
src/domain/ai/ai.service.ts(136,13): error TS2322: Type 'DomainError' is not assignable to type 'AIProviderError'.
  Types of property 'code' are incompatible.
    Type 'string' is not assignable to type '"AI_PROVIDER_ERROR"'.
src/domain/analytics/behavior-profile.entity.ts(393,33): error TS6133: 'days' is declared but its value is never read.
src/domain/analytics/behavioral-analytics.service.ts(11,27): error TS6133: 'ContactPrediction' is declared but its value is never read.
src/domain/analytics/behavioral-analytics.service.ts(110,76): error TS2769: No overload matches this call.
  Overload 1 of 3, '(obj: string, msg?: undefined): void', gave the following error.
    Argument of type '{ fromMe: boolean; ghostingScore: number; interestLevel: InterestLevel; }' is not assignable to parameter of type 'undefined'.
  Overload 2 of 3, '(obj: string, msg?: undefined, ...args: unknown[]): void', gave the following error.
    Argument of type '{ fromMe: boolean; ghostingScore: number; interestLevel: InterestLevel; }' is not assignable to parameter of type 'undefined'.
src/domain/contact/contact.entity.ts(61,17): error TS7053: Element implicitly has an 'any' type because expression of type '"_serialized"' can't be used to index type '{}'.
  Property '_serialized' does not exist on type '{}'.
src/domain/forensics/event-logger.ts(134,26): error TS2345: Argument of type '"presence:update"' is not assignable to parameter of type 'keyof DomainEvents'.
src/domain/forensics/event-logger.ts(135,30): error TS2345: Argument of type '{ message: Message; contact: Contact; timestamp: Date; } | { messageId: string; chatId: string; latencyMs: number; } | { messageId: string; ackLevel: AckLevel; readAt?: Date | undefined; } | ... 33 more ... | { ...; }' is not assignable to parameter of type '{ jid: string; presence: string; lastSeen?: number | undefined; }'.
  Type '{ message: Message; contact: Contact; timestamp: Date; }' is missing the following properties from type '{ jid: string; presence: string; lastSeen?: number | undefined; }': jid, presence
src/domain/forensics/event-logger.ts(139,26): error TS2345: Argument of type '"call:offer"' is not assignable to parameter of type 'keyof DomainEvents'.
src/domain/forensics/event-logger.ts(140,26): error TS2345: Argument of type '{ message: Message; contact: Contact; timestamp: Date; } | { messageId: string; chatId: string; latencyMs: number; } | { messageId: string; ackLevel: AckLevel; readAt?: Date | undefined; } | ... 33 more ... | { ...; }' is not assignable to parameter of type '{ callId: string; peer: string; type: string; duration?: number | undefined; reason?: string | undefined; ipCandidates?: string[] | undefined; }'.
  Type '{ message: Message; contact: Contact; timestamp: Date; }' is missing the following properties from type '{ callId: string; peer: string; type: string; duration?: number | undefined; reason?: string | undefined; ipCandidates?: string[] | undefined; }': callId, peer, type
src/domain/forensics/event-logger.ts(143,26): error TS2345: Argument of type '"call:answer"' is not assignable to parameter of type 'keyof DomainEvents'.
src/domain/forensics/event-logger.ts(144,26): error TS2345: Argument of type '{ message: Message; contact: Contact; timestamp: Date; } | { messageId: string; chatId: string; latencyMs: number; } | { messageId: string; ackLevel: AckLevel; readAt?: Date | undefined; } | ... 33 more ... | { ...; }' is not assignable to parameter of type '{ callId: string; peer: string; type: string; duration?: number | undefined; reason?: string | undefined; ipCandidates?: string[] | undefined; }'.
  Type '{ message: Message; contact: Contact; timestamp: Date; }' is missing the following properties from type '{ callId: string; peer: string; type: string; duration?: number | undefined; reason?: string | undefined; ipCandidates?: string[] | undefined; }': callId, peer, type
src/domain/forensics/event-logger.ts(147,26): error TS2345: Argument of type '"call:terminate"' is not assignable to parameter of type 'keyof DomainEvents'.
src/domain/forensics/event-logger.ts(148,26): error TS2345: Argument of type '{ message: Message; contact: Contact; timestamp: Date; } | { messageId: string; chatId: string; latencyMs: number; } | { messageId: string; ackLevel: AckLevel; readAt?: Date | undefined; } | ... 33 more ... | { ...; }' is not assignable to parameter of type '{ callId: string; peer: string; type: string; duration?: number | undefined; reason?: string | undefined; ipCandidates?: string[] | undefined; }'.
  Type '{ message: Message; contact: Contact; timestamp: Date; }' is missing the following properties from type '{ callId: string; peer: string; type: string; duration?: number | undefined; reason?: string | undefined; ipCandidates?: string[] | undefined; }': callId, peer, type
src/domain/forensics/event-logger.ts(153,25): error TS2345: Argument of type '{ messageId: string; ackLevel: AckLevel; readAt?: Date | undefined; }' is not assignable to parameter of type '{ messageId: string; jid: string; ack: number; participant?: string | undefined; }'.
  Type '{ messageId: string; ackLevel: AckLevel; readAt?: Date | undefined; }' is missing the following properties from type '{ messageId: string; jid: string; ack: number; participant?: string | undefined; }': jid, ack
src/domain/forensics/event-logger.ts(157,26): error TS2345: Argument of type '"history:sync"' is not assignable to parameter of type 'keyof DomainEvents'.
src/domain/forensics/event-logger.ts(158,33): error TS2345: Argument of type '{ message: Message; contact: Contact; timestamp: Date; } | { messageId: string; chatId: string; latencyMs: number; } | { messageId: string; ackLevel: AckLevel; readAt?: Date | undefined; } | ... 33 more ... | { ...; }' is not assignable to parameter of type '{ chats?: unknown[] | undefined; messages?: unknown[] | undefined; contacts?: unknown[] | undefined; }'.
  Type '{ message: Message; contact: Contact; timestamp: Date; }' has no properties in common with type '{ chats?: unknown[] | undefined; messages?: unknown[] | undefined; contacts?: unknown[] | undefined; }'.
src/domain/forensics/event-logger.ts(162,26): error TS2345: Argument of type '"message:viewonce"' is not assignable to parameter of type 'keyof DomainEvents'.
src/domain/forensics/event-logger.ts(163,30): error TS2345: Argument of type '{ message: Message; contact: Contact; timestamp: Date; } | { messageId: string; chatId: string; latencyMs: number; } | { messageId: string; ackLevel: AckLevel; readAt?: Date | undefined; } | ... 33 more ... | { ...; }' is not assignable to parameter of type '{ messageId: string; sender: string; type: string; opened: boolean; bypass: boolean; url?: string | undefined; key?: string | undefined; }'.
  Type '{ message: Message; contact: Contact; timestamp: Date; }' is missing the following properties from type '{ messageId: string; sender: string; type: string; opened: boolean; bypass: boolean; url?: string | undefined; key?: string | undefined; }': messageId, sender, type, opened, bypass
src/domain/forensics/forensics-enhanced.service.ts(176,77): error TS2769: No overload matches this call.
  Overload 1 of 3, '(obj: string, msg?: undefined): void', gave the following error.
    Argument of type 'EnhancedCallLog' is not assignable to parameter of type 'undefined'.
  Overload 2 of 3, '(obj: string, msg?: undefined, ...args: unknown[]): void', gave the following error.
    Argument of type 'EnhancedCallLog' is not assignable to parameter of type 'undefined'.
src/domain/forensics/god-mode.service.ts(113,54): error TS2769: No overload matches this call.
  Overload 1 of 3, '(obj: "[GodMode] Config updated", msg?: undefined): void', gave the following error.
    Argument of type 'Record<string, unknown>' is not assignable to parameter of type 'undefined'.
  Overload 2 of 3, '(obj: "[GodMode] Config updated", msg?: undefined, ...args: unknown[]): void', gave the following error.
    Argument of type 'Record<string, unknown>' is not assignable to parameter of type 'undefined'.
src/domain/forensics/god-mode.service.ts(192,70): error TS2769: No overload matches this call.
  Overload 1 of 3, '(obj: "[GodMode] Failed to reject call", msg?: undefined): void', gave the following error.
    Argument of type 'unknown' is not assignable to parameter of type 'undefined'.
  Overload 2 of 3, '(obj: "[GodMode] Failed to reject call", msg?: undefined, ...args: unknown[]): void', gave the following error.
    Argument of type 'unknown' is not assignable to parameter of type 'undefined'.
src/domain/forensics/god-mode.service.ts(369,69): error TS2769: No overload matches this call.
  Overload 1 of 3, '(obj: "[GodMode] Failed to save view-once", msg?: undefined): void', gave the following error.
    Argument of type 'unknown' is not assignable to parameter of type 'undefined'.
  Overload 2 of 3, '(obj: "[GodMode] Failed to save view-once", msg?: undefined, ...args: unknown[]): void', gave the following error.
    Argument of type 'unknown' is not assignable to parameter of type 'undefined'.
src/domain/index.ts(28,1): error TS2308: Module './forensics/index.js' has already exported a member named 'AckLog'. Consider explicitly re-exporting to resolve the ambiguity.
src/domain/message/message.entity.ts(90,17): error TS7053: Element implicitly has an 'any' type because expression of type '"_serialized"' can't be used to index type '{}'.
  Property '_serialized' does not exist on type '{}'.
src/domain/message/message.entity.ts(100,30): error TS7053: Element implicitly has an 'any' type because expression of type '"_serialized"' can't be used to index type '{}'.
  Property '_serialized' does not exist on type '{}'.
src/domain/profiling/contact-profile.entity.ts(206,36): error TS6133: 'isFromContact' is declared but its value is never read.
src/domain/profiling/profiling.service.ts(228,37): error TS2339: Property 'senderId' does not exist on type '{ message: Message; contact: Contact; timestamp: Date; }'.
src/domain/profiling/profiling.service.ts(229,35): error TS2339: Property 'text' does not exist on type '{ message: Message; contact: Contact; timestamp: Date; }'.
src/domain/writing/writing-analysis.service.ts(43,35): error TS6138: Property 'logger' is declared but its value is never read.
src/infrastructure/ai/ai-provider.factory.ts(19,11): error TS6196: 'ProviderConfig' is declared but never used.
src/infrastructure/ai/anthropic.adapter.ts(21,25): error TS6138: Property 'config' is declared but its value is never read.
src/infrastructure/ai/gemini.adapter.ts(13,5): error TS6133: 'ConversationTurn' is declared but its value is never read.
src/infrastructure/ai/ollama.adapter.ts(46,25): error TS6138: Property 'config' is declared but its value is never read.
src/infrastructure/ai/ollama.adapter.ts(97,19): error TS2322: Type 'unknown' is not assignable to type 'OllamaResponse'.
src/infrastructure/ai/ollama.adapter.ts(208,20): error TS18046: 'data' is of type 'unknown'.
src/infrastructure/ai/openai.adapter.ts(21,25): error TS6138: Property 'config' is declared but its value is never read.
src/infrastructure/http/server.ts(292,54): error TS2345: Argument of type 'string | string[]' is not assignable to parameter of type 'string'.
  Type 'string[]' is not assignable to type 'string'.
src/infrastructure/http/server.ts(345,63): error TS2345: Argument of type 'string | string[]' is not assignable to parameter of type 'string'.
  Type 'string[]' is not assignable to type 'string'.
src/infrastructure/http/server.ts(410,53): error TS2345: Argument of type 'string | string[]' is not assignable to parameter of type 'string'.
  Type 'string[]' is not assignable to type 'string'.
src/infrastructure/http/server.ts(464,15): error TS6133: 'limit' is declared but its value is never read.
src/infrastructure/http/server.ts(473,15): error TS6133: 'limit' is declared but its value is never read.
src/infrastructure/http/server.ts(487,15): error TS6133: 'limit' is declared but its value is never read.
src/infrastructure/whatsapp/client.ts(10,20): error TS7016: Could not find a declaration file for module 'qrcode-terminal'. 'C:/Users/dramo/Downloads/jarvis/node_modules/qrcode-terminal/lib/main.js' implicitly has an 'any' type.
  Try `npm i --save-dev @types/qrcode-terminal` if it exists or add a new declaration (.d.ts) file containing `declare module 'qrcode-terminal';`
src/infrastructure/whatsapp/client.ts(321,24): error TS2339: Property 'sendPresenceSubscribe' does not exist on type 'Chat'.
src/infrastructure/whatsapp/client.ts(328,23): error TS6133: 'presence' is declared but its value is never read.
